SQL> 
SQL> -- Generated by Oracle SQL Developer Data Modeler 20.4.0.374.0801
SQL> --   at:        2022-01-27 19:53:53 CST
SQL> --   site:      Oracle Database 12c
SQL> --   type:      Oracle Database 12c
SQL> 
SQL> -- Group number: 62
SQL> -- Group member: Junjie Chen, Huixin Wang, Thinuga Wellage
SQL> 
SQL> 
SQL> -- Includes DROP table commands at head of schema file
SQL> DROP TABLE assessor CASCADE CONSTRAINTS;

Error starting at line : 14 in command -
DROP TABLE assessor CASCADE CONSTRAINTS
Error report -
ORA-00942: table or view does not exist
00942. 00000 -  "table or view does not exist"
*Cause:    
*Action:
SQL> 
SQL> DROP TABLE bd_assessor_visit CASCADE CONSTRAINTS;

Error starting at line : 16 in command -
DROP TABLE bd_assessor_visit CASCADE CONSTRAINTS
Error report -
ORA-00942: table or view does not exist
00942. 00000 -  "table or view does not exist"
*Cause:    
*Action:
SQL> 
SQL> DROP TABLE building CASCADE CONSTRAINTS;

Error starting at line : 18 in command -
DROP TABLE building CASCADE CONSTRAINTS
Error report -
ORA-00942: table or view does not exist
00942. 00000 -  "table or view does not exist"
*Cause:    
*Action:
SQL> 
SQL> DROP TABLE building_damage CASCADE CONSTRAINTS;

Error starting at line : 20 in command -
DROP TABLE building_damage CASCADE CONSTRAINTS
Error report -
ORA-00942: table or view does not exist
00942. 00000 -  "table or view does not exist"
*Cause:    
*Action:
SQL> 
SQL> DROP TABLE building_insurance CASCADE CONSTRAINTS;

Error starting at line : 22 in command -
DROP TABLE building_insurance CASCADE CONSTRAINTS
Error report -
ORA-00942: table or view does not exist
00942. 00000 -  "table or view does not exist"
*Cause:    
*Action:
SQL> 
SQL> DROP TABLE fire_event CASCADE CONSTRAINTS;

Error starting at line : 24 in command -
DROP TABLE fire_event CASCADE CONSTRAINTS
Error report -
ORA-00942: table or view does not exist
00942. 00000 -  "table or view does not exist"
*Cause:    
*Action:
SQL> 
SQL> DROP TABLE fire_lga CASCADE CONSTRAINTS;

Error starting at line : 26 in command -
DROP TABLE fire_lga CASCADE CONSTRAINTS
Error report -
ORA-00942: table or view does not exist
00942. 00000 -  "table or view does not exist"
*Cause:    
*Action:
SQL> 
SQL> DROP TABLE insurer CASCADE CONSTRAINTS;

Error starting at line : 28 in command -
DROP TABLE insurer CASCADE CONSTRAINTS
Error report -
ORA-00942: table or view does not exist
00942. 00000 -  "table or view does not exist"
*Cause:    
*Action:
SQL> 
SQL> DROP TABLE lga CASCADE CONSTRAINTS;

Error starting at line : 30 in command -
DROP TABLE lga CASCADE CONSTRAINTS
Error report -
ORA-00942: table or view does not exist
00942. 00000 -  "table or view does not exist"
*Cause:    
*Action:
SQL> 
SQL> DROP TABLE owner CASCADE CONSTRAINTS;

Error starting at line : 32 in command -
DROP TABLE owner CASCADE CONSTRAINTS
Error report -
ORA-00942: table or view does not exist
00942. 00000 -  "table or view does not exist"
*Cause:    
*Action:
SQL> 
SQL> DROP TABLE property CASCADE CONSTRAINTS;

Error starting at line : 34 in command -
DROP TABLE property CASCADE CONSTRAINTS
Error report -
ORA-00942: table or view does not exist
00942. 00000 -  "table or view does not exist"
*Cause:    
*Action:
SQL> 
SQL> DROP TABLE property_type CASCADE CONSTRAINTS;

Error starting at line : 36 in command -
DROP TABLE property_type CASCADE CONSTRAINTS
Error report -
ORA-00942: table or view does not exist
00942. 00000 -  "table or view does not exist"
*Cause:    
*Action:
SQL> 
SQL> -- predefined type, no DDL - MDSYS.SDO_GEOMETRY
SQL> 
SQL> -- predefined type, no DDL - XMLTYPE
SQL> 
SQL> CREATE TABLE assessor (
  2      assessor_id           NUMBER(10) NOT NULL,
  3      assessor_gname        VARCHAR2(50) NOT NULL,
  4      assessor_fname        VARCHAR2(50) NOT NULL,
  5      assessor_type         VARCHAR2(50) NOT NULL,
  6      insurer_insurer_code  NUMBER(10),
  7      lga_lga_code          NUMBER(4)
  8  );

Table ASSESSOR created.

SQL> 
SQL> ALTER TABLE assessor
  2      ADD CONSTRAINT assessor_type_cosntraint CHECK ( assessor_type IN ( 'insurer',
  3                                                                         'lga' ) );

Table ASSESSOR altered.

SQL> 
SQL> COMMENT ON COLUMN assessor.assessor_id IS
  2      'assessor id';

Comment created.

SQL> 
SQL> COMMENT ON COLUMN assessor.assessor_gname IS
  2      'assessor gname';

Comment created.

SQL> 
SQL> COMMENT ON COLUMN assessor.assessor_fname IS
  2      'assessor_fname';

Comment created.

SQL> 
SQL> COMMENT ON COLUMN assessor.assessor_type IS
  2      'assessor type (lga or insurer)';

Comment created.

SQL> 
SQL> COMMENT ON COLUMN assessor.insurer_insurer_code IS
  2      'insurance company id';

Comment created.

SQL> 
SQL> COMMENT ON COLUMN assessor.lga_lga_code IS
  2      'lga code ';

Comment created.

SQL> 
SQL> ALTER TABLE assessor ADD CONSTRAINT insurer_assessor_pk PRIMARY KEY ( assessor_id );

Table ASSESSOR altered.

SQL> 
SQL> CREATE TABLE bd_assessor_visit (
  2      building_damage_bd_id   NUMBER(10) NOT NULL,
  3      bdav_datetime_arrived   DATE NOT NULL,
  4      bdav_datetime_departed  DATE NOT NULL
  5  );

Table BD_ASSESSOR_VISIT created.

SQL> 
SQL> COMMENT ON COLUMN bd_assessor_visit.building_damage_bd_id IS
  2      'building damage id (surrogate key)';

Comment created.

SQL> 
SQL> COMMENT ON COLUMN bd_assessor_visit.bdav_datetime_arrived IS
  2      'bd assessor arrive date';

Comment created.

SQL> 
SQL> COMMENT ON COLUMN bd_assessor_visit.bdav_datetime_departed IS
  2      'bdav_datetime_departed';

Comment created.

SQL> 
SQL> ALTER TABLE bd_assessor_visit ADD CONSTRAINT bd_insurer_visit_pk PRIMARY KEY ( building_damage_bd_id,
  2                                                                                 bdav_datetime_arrived );

Table BD_ASSESSOR_VISIT altered.

SQL> 
SQL> CREATE TABLE building (
  2      property_property_id    NUMBER(10) NOT NULL,
  3      building_id             NUMBER(3) NOT NULL,
  4      building_approved_date  DATE NOT NULL,
  5      building_size           NUMBER(6, 1) NOT NULL,
  6      building_class          NUMBER(2) NOT NULL,
  7      building_lga_value      NUMBER(10, 2) NOT NULL
  8  );

Table BUILDING created.

SQL> 
SQL> COMMENT ON COLUMN building.property_property_id IS
  2      'property id';

Comment created.

SQL> 
SQL> COMMENT ON COLUMN building.building_id IS
  2      'building id';

Comment created.

SQL> 
SQL> COMMENT ON COLUMN building.building_approved_date IS
  2      'building approve date';

Comment created.

SQL> 
SQL> COMMENT ON COLUMN building.building_size IS
  2      'building size';

Comment created.

SQL> 
SQL> COMMENT ON COLUMN building.building_class IS
  2      'building class';

Comment created.

SQL> 
SQL> COMMENT ON COLUMN building.building_lga_value IS
  2      'building current value for lga';

Comment created.

SQL> 
SQL> ALTER TABLE building ADD CONSTRAINT building_pk PRIMARY KEY ( building_id,
  2                                                                property_property_id );

Table BUILDING altered.

SQL> 
SQL> CREATE TABLE building_damage (
  2      bd_id                  NUMBER(10) NOT NULL,
  3      bd_lag_damage_cost     NUMBER(10, 2),
  4      bd_lga_visit_date      DATE,
  5      bd_totally_destroyed   CHAR(1) NOT NULL,
  6      building_building_id   NUMBER(3) NOT NULL,
  7      building_property_id   NUMBER(10) NOT NULL,
  8      fire_event_fire_id     NUMBER(10) NOT NULL,
  9      bd_insurance_payout    NUMBER(10, 2),
 10      assessor_assessor_id   NUMBER(10),
 11      assessor_assessor_id1  NUMBER(10)
 12  );

Table BUILDING_DAMAGE created.

SQL> 
SQL> ALTER TABLE building_damage
  2      ADD CONSTRAINT bd_totally_damaged_cosntraint CHECK ( bd_totally_destroyed IN ( 'N',
  3                                                                                     'Y' ) );

Table BUILDING_DAMAGE altered.

SQL> 
SQL> COMMENT ON COLUMN building_damage.bd_id IS
  2      'building damage id (surrogate key)';

Comment created.

SQL> 
SQL> COMMENT ON COLUMN building_damage.bd_lag_damage_cost IS
  2      'building damage cost';

Comment created.

SQL> 
SQL> COMMENT ON COLUMN building_damage.bd_lga_visit_date IS
  2      'lga visit date';

Comment created.

SQL> 
SQL> COMMENT ON COLUMN building_damage.bd_totally_destroyed IS
  2      'building damage Y or N';

Comment created.

SQL> 
SQL> COMMENT ON COLUMN building_damage.building_building_id IS
  2      'building id';

Comment created.

SQL> 
SQL> COMMENT ON COLUMN building_damage.building_property_id IS
  2      'property id';

Comment created.

SQL> 
SQL> COMMENT ON COLUMN building_damage.fire_event_fire_id IS
  2      'fire id';

Comment created.

SQL> 
SQL> COMMENT ON COLUMN building_damage.bd_insurance_payout IS
  2      'insurance payout';

Comment created.

SQL> 
SQL> COMMENT ON COLUMN building_damage.assessor_assessor_id IS
  2      'assessor id';

Comment created.

SQL> 
SQL> COMMENT ON COLUMN building_damage.assessor_assessor_id1 IS
  2      'assessor id';

Comment created.

SQL> 
SQL> ALTER TABLE building_damage ADD CONSTRAINT building_damage_pk PRIMARY KEY ( bd_id );

Table BUILDING_DAMAGE altered.

SQL> 
SQL> ALTER TABLE building_damage
  2      ADD CONSTRAINT unqinue_constaint UNIQUE ( building_building_id,
  3                                                building_property_id,
  4                                                fire_event_fire_id );

Table BUILDING_DAMAGE altered.

SQL> 
SQL> CREATE TABLE building_insurance (
  2      insurance_start_date  DATE NOT NULL,
  3      insurer_insurer_code  NUMBER(10) NOT NULL,
  4      building_property_id  NUMBER(10) NOT NULL,
  5      building_building_id  NUMBER(3) NOT NULL,
  6      insurance_end_date    DATE NOT NULL
  7  );

Table BUILDING_INSURANCE created.

SQL> 
SQL> COMMENT ON COLUMN building_insurance.insurance_start_date IS
  2      'insurance start date';

Comment created.

SQL> 
SQL> COMMENT ON COLUMN building_insurance.insurer_insurer_code IS
  2      'insurance company id';

Comment created.

SQL> 
SQL> COMMENT ON COLUMN building_insurance.building_property_id IS
  2      'property id';

Comment created.

SQL> 
SQL> COMMENT ON COLUMN building_insurance.building_building_id IS
  2      'building id';

Comment created.

SQL> 
SQL> COMMENT ON COLUMN building_insurance.insurance_end_date IS
  2      'insurance end date';

Comment created.

SQL> 
SQL> ALTER TABLE building_insurance
  2      ADD CONSTRAINT building_insurance_pk PRIMARY KEY ( insurance_start_date,
  3                                                         insurer_insurer_code,
  4                                                         building_building_id,
  5                                                         building_property_id );

Table BUILDING_INSURANCE altered.

SQL> 
SQL> CREATE TABLE fire_event (
  2      fire_id             NUMBER(10) NOT NULL,
  3      fire_name           VARCHAR2(50) NOT NULL,
  4      fire_long           NUMBER(8, 5) NOT NULL,
  5      fire_lat            NUMBER(9, 5) NOT NULL,
  6      fire_start_date     DATE NOT NULL,
  7      fire_area_burnt     NUMBER(8, 1) NOT NULL,
  8      fire_event_fire_id  NUMBER(10)
  9  );

Table FIRE_EVENT created.

SQL> 
SQL> COMMENT ON COLUMN fire_event.fire_id IS
  2      'fire id';

Comment created.

SQL> 
SQL> COMMENT ON COLUMN fire_event.fire_name IS
  2      'fire name';

Comment created.

SQL> 
SQL> COMMENT ON COLUMN fire_event.fire_long IS
  2      'fire longitude';

Comment created.

SQL> 
SQL> COMMENT ON COLUMN fire_event.fire_lat IS
  2      'fire latitude';

Comment created.

SQL> 
SQL> COMMENT ON COLUMN fire_event.fire_start_date IS
  2      'fire start date';

Comment created.

SQL> 
SQL> COMMENT ON COLUMN fire_event.fire_area_burnt IS
  2      'fire burnt area';

Comment created.

SQL> 
SQL> COMMENT ON COLUMN fire_event.fire_event_fire_id IS
  2      'fire id';

Comment created.

SQL> 
SQL> ALTER TABLE fire_event ADD CONSTRAINT fire_event_pk PRIMARY KEY ( fire_id );

Table FIRE_EVENT altered.

SQL> 
SQL> CREATE TABLE fire_lga (
  2      lga_lga_code        NUMBER(4) NOT NULL,
  3      fire_event_fire_id  NUMBER(10) NOT NULL
  4  );

Table FIRE_LGA created.

SQL> 
SQL> COMMENT ON COLUMN fire_lga.lga_lga_code IS
  2      'lga code ';

Comment created.

SQL> 
SQL> COMMENT ON COLUMN fire_lga.fire_event_fire_id IS
  2      'fire id';

Comment created.

SQL> 
SQL> ALTER TABLE fire_lga ADD CONSTRAINT fire_lga_pk PRIMARY KEY ( lga_lga_code,
  2                                                                fire_event_fire_id );

Table FIRE_LGA altered.

SQL> 
SQL> CREATE TABLE insurer (
  2      insurer_code   NUMBER(10) NOT NULL,
  3      insurer_name   VARCHAR2(50) NOT NULL,
  4      insurer_phone  CHAR(10) NOT NULL
  5  );

Table INSURER created.

SQL> 
SQL> COMMENT ON COLUMN insurer.insurer_code IS
  2      'insurance company id';

Comment created.

SQL> 
SQL> COMMENT ON COLUMN insurer.insurer_name IS
  2      'insurance company name';

Comment created.

SQL> 
SQL> COMMENT ON COLUMN insurer.insurer_phone IS
  2      'insurer phone';

Comment created.

SQL> 
SQL> ALTER TABLE insurer ADD CONSTRAINT insurer_pk PRIMARY KEY ( insurer_code );

Table INSURER altered.

SQL> 
SQL> CREATE TABLE lga (
  2      lga_code   NUMBER(4) NOT NULL,
  3      lga_ame    VARCHAR2(50) NOT NULL,
  4      lga_size   NUMBER(10, 1) NOT NULL,
  5      lga_ceo    VARCHAR2(50) NOT NULL,
  6      lga_phone  CHAR(10) NOT NULL,
  7      lga_type   VARCHAR2(50) NOT NULL,
  8      lga_state  VARCHAR2(50) NOT NULL
  9  );

Table LGA created.

SQL> 
SQL> ALTER TABLE lga
  2      ADD CONSTRAINT lga_type_consntrainnt CHECK ( lga_type IN ( 'borough',
  3                                                                 'city',
  4                                                                 'rural city',
  5                                                                 'shire' ) );

Table LGA altered.

SQL> 
SQL> COMMENT ON COLUMN lga.lga_code IS
  2      'lga code ';

Comment created.

SQL> 
SQL> COMMENT ON COLUMN lga.lga_ame IS
  2      'lga name';

Comment created.

SQL> 
SQL> COMMENT ON COLUMN lga.lga_size IS
  2      'lga size';

Comment created.

SQL> 
SQL> COMMENT ON COLUMN lga.lga_ceo IS
  2      'lga ceo';

Comment created.

SQL> 
SQL> COMMENT ON COLUMN lga.lga_phone IS
  2      'lga phone';

Comment created.

SQL> 
SQL> COMMENT ON COLUMN lga.lga_type IS
  2      'lga type connstrainted by city shire borough rural city';

Comment created.

SQL> 
SQL> COMMENT ON COLUMN lga.lga_state IS
  2      'lga state';

Comment created.

SQL> 
SQL> ALTER TABLE lga ADD CONSTRAINT lga_pk PRIMARY KEY ( lga_code );

Table LGA altered.

SQL> 
SQL> CREATE TABLE owner (
  2      owner_id     NUMBER(10) NOT NULL,
  3      owner_name   VARCHAR2(50) NOT NULL,
  4      owner_phone  CHAR(10) NOT NULL
  5  );

Table OWNER created.

SQL> 
SQL> COMMENT ON COLUMN owner.owner_id IS
  2      'owner id';

Comment created.

SQL> 
SQL> COMMENT ON COLUMN owner.owner_name IS
  2      'owner name';

Comment created.

SQL> 
SQL> COMMENT ON COLUMN owner.owner_phone IS
  2      ' owner phone';

Comment created.

SQL> 
SQL> ALTER TABLE owner ADD CONSTRAINT owner_pk PRIMARY KEY ( owner_id );

Table OWNER altered.

SQL> 
SQL> CREATE TABLE property (
  2      property_id                NUMBER(10) NOT NULL,
  3      property_street            VARCHAR2(50) NOT NULL,
  4      property_townn             VARCHAR2(50) NOT NULL,
  5      property_postcode          CHAR(4) NOT NULL,
  6      property_size              NUMBER(6, 1) NOT NULL,
  7      lga_lga_code               NUMBER(4) NOT NULL,
  8      owner_owner_id             NUMBER(10) NOT NULL,
  9      property_type_proptype_no  NUMBER(3) NOT NULL
 10  );

Table PROPERTY created.

SQL> 
SQL> COMMENT ON COLUMN property.property_id IS
  2      'property id';

Comment created.

SQL> 
SQL> COMMENT ON COLUMN property.property_street IS
  2      'property street';

Comment created.

SQL> 
SQL> COMMENT ON COLUMN property.property_townn IS
  2      'property town';

Comment created.

SQL> 
SQL> COMMENT ON COLUMN property.property_postcode IS
  2      'property postcode';

Comment created.

SQL> 
SQL> COMMENT ON COLUMN property.property_size IS
  2      'property size';

Comment created.

SQL> 
SQL> COMMENT ON COLUMN property.lga_lga_code IS
  2      'lga code ';

Comment created.

SQL> 
SQL> COMMENT ON COLUMN property.owner_owner_id IS
  2      'owner id';

Comment created.

SQL> 
SQL> COMMENT ON COLUMN property.property_type_proptype_no IS
  2      'property type index';

Comment created.

SQL> 
SQL> ALTER TABLE property ADD CONSTRAINT property_pk PRIMARY KEY ( property_id );

Table PROPERTY altered.

SQL> 
SQL> CREATE TABLE property_type (
  2      proptype_no     NUMBER(3) NOT NULL,
  3      proptype_nname  VARCHAR2(50) NOT NULL
  4  );

Table PROPERTY_TYPE created.

SQL> 
SQL> COMMENT ON COLUMN property_type.proptype_no IS
  2      'property type index';

Comment created.

SQL> 
SQL> COMMENT ON COLUMN property_type.proptype_nname IS
  2      'property type name';

Comment created.

SQL> 
SQL> ALTER TABLE property_type ADD CONSTRAINT property_type_pk PRIMARY KEY ( proptype_no );

Table PROPERTY_TYPE altered.

SQL> 
SQL> ALTER TABLE building_damage
  2      ADD CONSTRAINT assessor_bd FOREIGN KEY ( assessor_assessor_id )
  3          REFERENCES assessor ( assessor_id );

Table BUILDING_DAMAGE altered.

SQL> 
SQL> ALTER TABLE bd_assessor_visit
  2      ADD CONSTRAINT bd_assessor_visit FOREIGN KEY ( building_damage_bd_id )
  3          REFERENCES building_damage ( bd_id );

Table BD_ASSESSOR_VISIT altered.

SQL> 
SQL> ALTER TABLE building_damage
  2      ADD CONSTRAINT building_damage FOREIGN KEY ( building_building_id,
  3                                                   building_property_id )
  4          REFERENCES building ( building_id,
  5                                property_property_id );

Table BUILDING_DAMAGE altered.

SQL> 
SQL> ALTER TABLE building_insurance
  2      ADD CONSTRAINT building_insurance FOREIGN KEY ( building_building_id,
  3                                                      building_property_id )
  4          REFERENCES building ( building_id,
  5                                property_property_id );

Table BUILDING_INSURANCE altered.

SQL> 
SQL> ALTER TABLE building_damage
  2      ADD CONSTRAINT fire_damage FOREIGN KEY ( fire_event_fire_id )
  3          REFERENCES fire_event ( fire_id );

Table BUILDING_DAMAGE altered.

SQL> 
SQL> ALTER TABLE fire_lga
  2      ADD CONSTRAINT fire_event_lga FOREIGN KEY ( fire_event_fire_id )
  3          REFERENCES fire_event ( fire_id );

Table FIRE_LGA altered.

SQL> 
SQL> ALTER TABLE fire_event
  2      ADD CONSTRAINT fire_event_spark FOREIGN KEY ( fire_event_fire_id )
  3          REFERENCES fire_event ( fire_id );

Table FIRE_EVENT altered.

SQL> 
SQL> ALTER TABLE assessor
  2      ADD CONSTRAINT insurer_assessor FOREIGN KEY ( insurer_insurer_code )
  3          REFERENCES insurer ( insurer_code );

Table ASSESSOR altered.

SQL> 
SQL> ALTER TABLE building_damage
  2      ADD CONSTRAINT insurer_assessor_bd FOREIGN KEY ( assessor_assessor_id1 )
  3          REFERENCES assessor ( assessor_id );

Table BUILDING_DAMAGE altered.

SQL> 
SQL> ALTER TABLE building_insurance
  2      ADD CONSTRAINT insurer_insurance FOREIGN KEY ( insurer_insurer_code )
  3          REFERENCES insurer ( insurer_code );

Table BUILDING_INSURANCE altered.

SQL> 
SQL> ALTER TABLE assessor
  2      ADD CONSTRAINT lga_assessor FOREIGN KEY ( lga_lga_code )
  3          REFERENCES lga ( lga_code );

Table ASSESSOR altered.

SQL> 
SQL> ALTER TABLE fire_lga
  2      ADD CONSTRAINT lga_fire FOREIGN KEY ( lga_lga_code )
  3          REFERENCES lga ( lga_code );

Table FIRE_LGA altered.

SQL> 
SQL> ALTER TABLE property
  2      ADD CONSTRAINT lga_property FOREIGN KEY ( lga_lga_code )
  3          REFERENCES lga ( lga_code );

Table PROPERTY altered.

SQL> 
SQL> ALTER TABLE property
  2      ADD CONSTRAINT owner_prorperty FOREIGN KEY ( owner_owner_id )
  3          REFERENCES owner ( owner_id );

Table PROPERTY altered.

SQL> 
SQL> ALTER TABLE building
  2      ADD CONSTRAINT property_building FOREIGN KEY ( property_property_id )
  3          REFERENCES property ( property_id );

Table BUILDING altered.

SQL> 
SQL> ALTER TABLE property
  2      ADD CONSTRAINT proptype_property FOREIGN KEY ( property_type_proptype_no )
  3          REFERENCES property_type ( proptype_no );

Table PROPERTY altered.

SQL> 
SQL> 
SQL> 
SQL> -- Oracle SQL Developer Data Modeler Summary Report: 
SQL> -- 
SQL> -- CREATE TABLE                            12
SQL> -- CREATE INDEX                             0
SQL> -- ALTER TABLE                             32
SQL> -- CREATE VIEW                              0
SQL> -- ALTER VIEW                               0
SQL> -- CREATE PACKAGE                           0
SQL> -- CREATE PACKAGE BODY                      0
SQL> -- CREATE PROCEDURE                         0
SQL> -- CREATE FUNCTION                          0
SQL> -- CREATE TRIGGER                           0
SQL> -- ALTER TRIGGER                            0
SQL> -- CREATE COLLECTION TYPE                   0
SQL> -- CREATE STRUCTURED TYPE                   0
SQL> -- CREATE STRUCTURED TYPE BODY              0
SQL> -- CREATE CLUSTER                           0
SQL> -- CREATE CONTEXT                           0
SQL> -- CREATE DATABASE                          0
SQL> -- CREATE DIMENSION                         0
SQL> -- CREATE DIRECTORY                         0
SQL> -- CREATE DISK GROUP                        0
SQL> -- CREATE ROLE                              0
SQL> -- CREATE ROLLBACK SEGMENT                  0
SQL> -- CREATE SEQUENCE                          0
SQL> -- CREATE MATERIALIZED VIEW                 0
SQL> -- CREATE MATERIALIZED VIEW LOG             0
SQL> -- CREATE SYNONYM                           0
SQL> -- CREATE TABLESPACE                        0
SQL> -- CREATE USER                              0
SQL> -- 
SQL> -- DROP TABLESPACE                          0
SQL> -- DROP DATABASE                            0
SQL> -- 
SQL> -- REDACTION POLICY                         0
SQL> -- TSDP POLICY                              0
SQL> -- 
SQL> -- ORDS DROP SCHEMA                         0
SQL> -- ORDS ENABLE SCHEMA                       0
SQL> -- ORDS ENABLE OBJECT                       0
SQL> -- 
SQL> -- ERRORS                                   0
SQL> -- WARNINGS                                 0
SQL> 
SQL> SPOOL OFF
